// Vitest Snapshot v1, https://vitest.dev/guide/snapshot.html

exports[`Header Component Screenshot Tests > Desktop View > рендерит заголовок и навигацию на десктопе 1`] = `
<div>
  <header
    class="css-1rzhq4u"
  >
    <div
      class="css-1nk7k5l"
    >
      <div
        class="css-1sg2lsz"
      >
        <a
          class="css-48d9mi"
          data-testid="link-home"
          href="/"
        >
          <span
            class="css-11s1ujt"
          >
            Emotion app
          </span>
        </a>
      </div>
      <button
        aria-label="Открыть меню"
        class="css-1pxcx4c"
      >
        <span
          class="css-13rof8t"
        />
        <span
          class="css-13rof8t"
        />
        <span
          class="css-13rof8t"
        />
      </button>
      <nav
        class="css-ijt049"
      >
        <ul
          class="css-1u1wslp"
        >
          <li
            class="css-cssveg"
          >
            <a
              activeoptions="[object Object]"
              class="css-16ux34y"
              data-testid="link-about"
              href="/about"
            >
              About
            </a>
          </li>
          <li
            class="css-cssveg"
          >
            <a
              class="css-16ux34y"
              data-testid="link-graphql"
              href="/graphql"
            >
              GraphQL
            </a>
          </li>
          <li
            class="css-cssveg"
          >
            <a
              class="css-16ux34y"
              data-testid="link-chat"
              href="/chat"
            >
              WebSockets
            </a>
          </li>
          <li
            class="css-cssveg"
          >
            <a
              class="css-16ux34y"
              data-testid="link-users"
              href="/users"
            >
              REST API
            </a>
          </li>
        </ul>
      </nav>
    </div>
  </header>
  <nav
    class="css-1847e00"
  >
    <div
      class="css-z6z6v6"
    >
      <h2
        class="css-1ir6we0"
      >
        Меню
      </h2>
      <button
        aria-label="Закрыть меню"
        class="css-1tbaw8i"
      >
        <span
          class="css-1sylbez"
        >
          ×
        </span>
      </button>
    </div>
    <ul
      class="css-fgc5ij"
    >
      <li
        class="css-cssveg"
      >
        <a
          activeoptions="[object Object]"
          class="css-fkpfya"
          data-testid="link-about"
          href="/about"
        >
          About
        </a>
      </li>
      <li
        class="css-cssveg"
      >
        <a
          class="css-fkpfya"
          data-testid="link-graphql"
          href="/graphql"
        >
          GraphQL
        </a>
      </li>
      <li
        class="css-cssveg"
      >
        <a
          class="css-fkpfya"
          data-testid="link-chat"
          href="/chat"
        >
          WebSockets
        </a>
      </li>
      <li
        class="css-cssveg"
      >
        <a
          class="css-fkpfya"
          data-testid="link-users"
          href="/users"
        >
          REST API
        </a>
      </li>
    </ul>
  </nav>
</div>
`;
